Apr  8 17:12:28 jperrier kernel: klogd 1.5.1, log source = /proc/kmsg started.
Apr  8 17:12:28 jperrier kernel: Inspecting /boot/System.map
Apr  8 17:12:28 jperrier kernel: Cannot find map file.
Apr  8 17:12:28 jperrier kernel: Loaded 170720 symbols from 1 module.
Apr  8 17:12:28 jperrier kernel: [    0.000000] Linux version 6.9.0-rc3-thor_kernel-gfec50db7033e-dirty (root@jperrier) (gcc (GCC) 13.2.0, GNU ld (GNU Binutils) 2.41) #2 SMP PREEMPT_DYNAMIC Mon Apr  8 17:10:24 CEST 2024
Apr  8 17:12:28 jperrier kernel: [    0.000000] Command line: BOOT_IMAGE=/boot/vmlinuz-torvalds root=/dev/sda2 ro
Apr  8 17:12:28 jperrier kernel: [    0.000000] BIOS-provided physical RAM map:
Apr  8 17:12:28 jperrier kernel: [    0.000000] BIOS-e820: [mem 0x0000000000000000-0x000000000009fbff] usable
Apr  8 17:12:28 jperrier kernel: [    0.000000] BIOS-e820: [mem 0x000000000009fc00-0x000000000009ffff] reserved
Apr  8 17:12:28 jperrier kernel: [    0.000000] BIOS-e820: [mem 0x00000000000f0000-0x00000000000fffff] reserved
Apr  8 17:12:28 jperrier kernel: [    0.000000] BIOS-e820: [mem 0x0000000000100000-0x00000000dffeffff] usable
Apr  8 17:12:28 jperrier kernel: [    0.000000] BIOS-e820: [mem 0x00000000dfff0000-0x00000000dfffffff] ACPI data
Apr  8 17:12:28 jperrier kernel: [    0.000000] BIOS-e820: [mem 0x00000000fec00000-0x00000000fec00fff] reserved
Apr  8 17:12:28 jperrier kernel: [    0.000000] BIOS-e820: [mem 0x00000000fee00000-0x00000000fee00fff] reserved
Apr  8 17:12:28 jperrier kernel: [    0.000000] BIOS-e820: [mem 0x00000000fffc0000-0x00000000ffffffff] reserved
Apr  8 17:12:28 jperrier kernel: [    0.000000] BIOS-e820: [mem 0x0000000100000000-0x000000011fffffff] usable
Apr  8 17:12:28 jperrier kernel: [    0.000000] NX (Execute Disable) protection: active
Apr  8 17:12:28 jperrier kernel: [    0.000000] APIC: Static calls initialized
Apr  8 17:12:28 jperrier kernel: [    0.000000] SMBIOS 2.5 present.
Apr  8 17:12:28 jperrier kernel: [    0.000000] DMI: innotek GmbH VirtualBox/VirtualBox, BIOS VirtualBox 12/01/2006
Apr  8 17:12:28 jperrier kernel: [    0.000000] Hypervisor detected: KVM
Apr  8 17:12:28 jperrier kernel: [    0.000000] kvm-clock: Using msrs 4b564d01 and 4b564d00
Apr  8 17:12:28 jperrier kernel: [    0.000000] kvm-clock: using sched offset of 4222705503816 cycles
Apr  8 17:12:28 jperrier kernel: [    0.000001] clocksource: kvm-clock: mask: 0xffffffffffffffff max_cycles: 0x1cd42e4dffb, max_idle_ns: 881590591483 ns
Apr  8 17:12:28 jperrier kernel: [    0.000003] tsc: Detected 3494.398 MHz processor
Apr  8 17:12:28 jperrier kernel: [    0.001053] e820: update [mem 0x00000000-0x00000fff] usable ==> reserved
Apr  8 17:12:28 jperrier kernel: [    0.001054] e820: remove [mem 0x000a0000-0x000fffff] usable
Apr  8 17:12:28 jperrier kernel: [    0.001057] last_pfn = 0x120000 max_arch_pfn = 0x400000000
Apr  8 17:12:28 jperrier kernel: [    0.001068] MTRRs disabled by BIOS
Apr  8 17:12:28 jperrier kernel: [    0.001069] x86/PAT: Configuration [0-7]: WB  WC  UC- UC  WB  WP  UC- WT  
Apr  8 17:12:28 jperrier kernel: [    0.001072] last_pfn = 0xdfff0 max_arch_pfn = 0x400000000
Apr  8 17:12:28 jperrier kernel: [    0.001101] found SMP MP-table at [mem 0x0009fff0-0x0009ffff]
Apr  8 17:12:28 jperrier kernel: [    0.001108] Incomplete global flushes, disabling PCID
Apr  8 17:12:28 jperrier kernel: [    0.001171] ACPI: Early table checksum verification disabled
Apr  8 17:12:28 jperrier kernel: [    0.001174] ACPI: RSDP 0x00000000000E0000 000024 (v02 VBOX  )
Apr  8 17:12:28 jperrier kernel: [    0.001176] ACPI: XSDT 0x00000000DFFF0030 00003C (v01 VBOX   VBOXXSDT 00000001 ASL  00000061)
Apr  8 17:12:28 jperrier kernel: [    0.001180] ACPI: FACP 0x00000000DFFF00F0 0000F4 (v04 VBOX   VBOXFACP 00000001 ASL  00000061)
Apr  8 17:12:28 jperrier kernel: [    0.001183] ACPI: DSDT 0x00000000DFFF0630 002353 (v02 VBOX   VBOXBIOS 00000002 INTL 20100528)
Apr  8 17:12:28 jperrier kernel: [    0.001185] ACPI: FACS 0x00000000DFFF0200 000040
Apr  8 17:12:28 jperrier kernel: [    0.001186] ACPI: FACS 0x00000000DFFF0200 000040
Apr  8 17:12:28 jperrier kernel: [    0.001188] ACPI: APIC 0x00000000DFFF0240 00007C (v02 VBOX   VBOXAPIC 00000001 ASL  00000061)
Apr  8 17:12:28 jperrier kernel: [    0.001189] ACPI: SSDT 0x00000000DFFF02C0 00036C (v01 VBOX   VBOXCPUT 00000002 INTL 20100528)
Apr  8 17:12:28 jperrier kernel: [    0.001191] ACPI: Reserving FACP table memory at [mem 0xdfff00f0-0xdfff01e3]
Apr  8 17:12:28 jperrier kernel: [    0.001191] ACPI: Reserving DSDT table memory at [mem 0xdfff0630-0xdfff2982]
Apr  8 17:12:28 jperrier kernel: [    0.001192] ACPI: Reserving FACS table memory at [mem 0xdfff0200-0xdfff023f]
Apr  8 17:12:28 jperrier kernel: [    0.001192] ACPI: Reserving FACS table memory at [mem 0xdfff0200-0xdfff023f]
Apr  8 17:12:28 jperrier kernel: [    0.001193] ACPI: Reserving APIC table memory at [mem 0xdfff0240-0xdfff02bb]
Apr  8 17:12:28 jperrier kernel: [    0.001193] ACPI: Reserving SSDT table memory at [mem 0xdfff02c0-0xdfff062b]
Apr  8 17:12:28 jperrier kernel: [    0.001676] No NUMA configuration found
Apr  8 17:12:28 jperrier kernel: [    0.001677] Faking a node at [mem 0x0000000000000000-0x000000011fffffff]
Apr  8 17:12:28 jperrier kernel: [    0.001678] NODE_DATA(0) allocated [mem 0x11fff8000-0x11fffbfff]
Apr  8 17:12:28 jperrier kernel: [    0.001687] Zone ranges:
Apr  8 17:12:28 jperrier kernel: [    0.001688]   DMA      [mem 0x0000000000001000-0x0000000000ffffff]
Apr  8 17:12:28 jperrier kernel: [    0.001689]   DMA32    [mem 0x0000000001000000-0x00000000ffffffff]
Apr  8 17:12:28 jperrier kernel: [    0.001689]   Normal   [mem 0x0000000100000000-0x000000011fffffff]
Apr  8 17:12:28 jperrier kernel: [    0.001690] Movable zone start for each node
Apr  8 17:12:28 jperrier kernel: [    0.001690] Early memory node ranges
Apr  8 17:12:28 jperrier kernel: [    0.001691]   node   0: [mem 0x0000000000001000-0x000000000009efff]
Apr  8 17:12:28 jperrier kernel: [    0.001691]   node   0: [mem 0x0000000000100000-0x00000000dffeffff]
Apr  8 17:12:28 jperrier kernel: [    0.001692]   node   0: [mem 0x0000000100000000-0x000000011fffffff]
Apr  8 17:12:28 jperrier kernel: [    0.001692] Initmem setup node 0 [mem 0x0000000000001000-0x000000011fffffff]
Apr  8 17:12:28 jperrier kernel: [    0.001695] On node 0, zone DMA: 1 pages in unavailable ranges
Apr  8 17:12:28 jperrier kernel: [    0.001716] On node 0, zone DMA: 97 pages in unavailable ranges
Apr  8 17:12:28 jperrier kernel: [    0.010013] On node 0, zone Normal: 16 pages in unavailable ranges
Apr  8 17:12:28 jperrier kernel: [    0.011057] ACPI: PM-Timer IO Port: 0x4008
Apr  8 17:12:28 jperrier kernel: [    0.011223] IOAPIC[0]: apic_id 6, version 32, address 0xfec00000, GSI 0-23
Apr  8 17:12:28 jperrier kernel: [    0.011225] ACPI: INT_SRC_OVR (bus 0 bus_irq 0 global_irq 2 dfl dfl)
Apr  8 17:12:28 jperrier kernel: [    0.011226] ACPI: INT_SRC_OVR (bus 0 bus_irq 9 global_irq 9 low level)
Apr  8 17:12:28 jperrier kernel: [    0.011229] ACPI: Using ACPI (MADT) for SMP configuration information
Apr  8 17:12:28 jperrier kernel: [    0.011232] CPU topo: Max. logical packages:   1
Apr  8 17:12:28 jperrier kernel: [    0.011233] CPU topo: Max. logical dies:       1
Apr  8 17:12:28 jperrier kernel: [    0.011233] CPU topo: Max. dies per package:   1
Apr  8 17:12:28 jperrier kernel: [    0.011236] CPU topo: Max. threads per core:   1
Apr  8 17:12:28 jperrier kernel: [    0.011236] CPU topo: Num. cores per package:     6
Apr  8 17:12:28 jperrier kernel: [    0.011236] CPU topo: Num. threads per package:   6
Apr  8 17:12:28 jperrier kernel: [    0.011237] CPU topo: Allowing 6 present CPUs plus 0 hotplug CPUs
Apr  8 17:12:28 jperrier kernel: [    0.011312] PM: hibernation: Registered nosave memory: [mem 0x00000000-0x00000fff]
Apr  8 17:12:28 jperrier kernel: [    0.011313] PM: hibernation: Registered nosave memory: [mem 0x0009f000-0x0009ffff]
Apr  8 17:12:28 jperrier kernel: [    0.011314] PM: hibernation: Registered nosave memory: [mem 0x000a0000-0x000effff]
Apr  8 17:12:28 jperrier kernel: [    0.011314] PM: hibernation: Registered nosave memory: [mem 0x000f0000-0x000fffff]
Apr  8 17:12:28 jperrier kernel: [    0.011315] PM: hibernation: Registered nosave memory: [mem 0xdfff0000-0xdfffffff]
Apr  8 17:12:28 jperrier kernel: [    0.011315] PM: hibernation: Registered nosave memory: [mem 0xe0000000-0xfebfffff]
Apr  8 17:12:28 jperrier kernel: [    0.011315] PM: hibernation: Registered nosave memory: [mem 0xfec00000-0xfec00fff]
Apr  8 17:12:28 jperrier kernel: [    0.011316] PM: hibernation: Registered nosave memory: [mem 0xfec01000-0xfedfffff]
Apr  8 17:12:28 jperrier kernel: [    0.011316] PM: hibernation: Registered nosave memory: [mem 0xfee00000-0xfee00fff]
Apr  8 17:12:28 jperrier kernel: [    0.011316] PM: hibernation: Registered nosave memory: [mem 0xfee01000-0xfffbffff]
Apr  8 17:12:28 jperrier kernel: [    0.011317] PM: hibernation: Registered nosave memory: [mem 0xfffc0000-0xffffffff]
Apr  8 17:12:28 jperrier kernel: [    0.011317] [mem 0xe0000000-0xfebfffff] available for PCI devices
Apr  8 17:12:28 jperrier kernel: [    0.011318] Booting paravirtualized kernel on KVM
Apr  8 17:12:28 jperrier kernel: [    0.011319] clocksource: refined-jiffies: mask: 0xffffffff max_cycles: 0xffffffff, max_idle_ns: 1910969940391419 ns
Apr  8 17:12:28 jperrier kernel: [    0.015194] setup_percpu: NR_CPUS:64 nr_cpumask_bits:6 nr_cpu_ids:6 nr_node_ids:1
Apr  8 17:12:28 jperrier kernel: [    0.015408] percpu: Embedded 56 pages/cpu s191912 r8192 d29272 u262144
Apr  8 17:12:28 jperrier kernel: [    0.015411] pcpu-alloc: s191912 r8192 d29272 u262144 alloc=1*2097152
Apr  8 17:12:28 jperrier kernel: [    0.015413] pcpu-alloc: [0] 0 1 2 3 4 5 - - 
Apr  8 17:12:28 jperrier kernel: [    0.015473] Kernel command line: BOOT_IMAGE=/boot/vmlinuz-torvalds root=/dev/sda2 ro
Apr  8 17:12:28 jperrier kernel: [    0.015490] Unknown kernel command line parameters "BOOT_IMAGE=/boot/vmlinuz-torvalds", will be passed to user space.
Apr  8 17:12:28 jperrier kernel: [    0.015506] random: crng init done
Apr  8 17:12:28 jperrier kernel: [    0.015888] Dentry cache hash table entries: 524288 (order: 10, 4194304 bytes, linear)
Apr  8 17:12:28 jperrier kernel: [    0.016160] Inode-cache hash table entries: 262144 (order: 9, 2097152 bytes, linear)
Apr  8 17:12:28 jperrier kernel: [    0.016229] Fallback order for Node 0: 0 
Apr  8 17:12:28 jperrier kernel: [    0.016232] Built 1 zonelists, mobility grouping on.  Total pages: 1031920
Apr  8 17:12:28 jperrier kernel: [    0.016233] Policy zone: Normal
Apr  8 17:12:28 jperrier kernel: [    0.016233] mem auto-init: stack:all(zero), heap alloc:off, heap free:off
Apr  8 17:12:28 jperrier kernel: [    0.016237] software IO TLB: area num 8.
Apr  8 17:12:28 jperrier kernel: [    0.041178] Memory: 4014520K/4193848K available (18432K kernel code, 2809K rwdata, 6740K rodata, 2712K init, 1212K bss, 179068K reserved, 0K cma-reserved)
Apr  8 17:12:28 jperrier kernel: [    0.041206] SLUB: HWalign=64, Order=0-3, MinObjects=0, CPUs=6, Nodes=1
Apr  8 17:12:28 jperrier kernel: [    0.042044] Dynamic Preempt: voluntary
Apr  8 17:12:28 jperrier kernel: [    0.042065] rcu: Preemptible hierarchical RCU implementation.
Apr  8 17:12:28 jperrier kernel: [    0.042065] rcu: ^IRCU event tracing is enabled.
Apr  8 17:12:28 jperrier kernel: [    0.042065] rcu: ^IRCU restricting CPUs from NR_CPUS=64 to nr_cpu_ids=6.
Apr  8 17:12:28 jperrier kernel: [    0.042066] ^ITrampoline variant of Tasks RCU enabled.
Apr  8 17:12:28 jperrier kernel: [    0.042066] rcu: RCU calculated value of scheduler-enlistment delay is 100 jiffies.
Apr  8 17:12:28 jperrier kernel: [    0.042067] rcu: Adjusting geometry for rcu_fanout_leaf=16, nr_cpu_ids=6
Apr  8 17:12:28 jperrier kernel: [    0.042070] RCU Tasks: Setting shift to 3 and lim to 1 rcu_task_cb_adjust=1.
Apr  8 17:12:28 jperrier kernel: [    0.042845] NR_IRQS: 4352, nr_irqs: 472, preallocated irqs: 16
Apr  8 17:12:28 jperrier kernel: [    0.043102] rcu: srcu_init: Setting srcu_struct sizes based on contention.
Apr  8 17:12:28 jperrier kernel: [    0.064235] Console: colour VGA+ 80x25
Apr  8 17:12:28 jperrier kernel: [    0.064242] printk: legacy console [tty0] enabled
Apr  8 17:12:28 jperrier kernel: [    0.200198] ACPI: Core revision 20230628
Apr  8 17:12:28 jperrier kernel: [    0.201729] APIC: Switch to symmetric I/O mode setup
Apr  8 17:12:28 jperrier kernel: [    0.208345] ..TIMER: vector=0x30 apic1=0 pin1=2 apic2=-1 pin2=-1
Apr  8 17:12:28 jperrier kernel: [    0.209558] clocksource: tsc-early: mask: 0xffffffffffffffff max_cycles: 0x325ea4cf831, max_idle_ns: 440795248593 ns
Apr  8 17:12:28 jperrier kernel: [    0.211415] Calibrating delay loop (skipped) preset value.. 6988.79 BogoMIPS (lpj=3494398)
Apr  8 17:12:28 jperrier kernel: [    0.212411] Last level iTLB entries: 4KB 0, 2MB 0, 4MB 0
Apr  8 17:12:28 jperrier kernel: [    0.212411] Last level dTLB entries: 4KB 0, 2MB 0, 4MB 0, 1GB 0
Apr  8 17:12:28 jperrier kernel: [    0.212411] Spectre V1 : Mitigation: usercopy/swapgs barriers and __user pointer sanitization
Apr  8 17:12:28 jperrier kernel: [    0.212411] Spectre V2 : Mitigation: Enhanced / Automatic IBRS
Apr  8 17:12:28 jperrier kernel: [    0.212411] Spectre V2 : Spectre v2 / SpectreRSB mitigation: Filling RSB on context switch
Apr  8 17:12:28 jperrier kernel: [    0.212411] Spectre V2 : Spectre v2 / PBRSB-eIBRS: Retire a single CALL on VMEXIT
Apr  8 17:12:28 jperrier kernel: [    0.212411] RETBleed: Mitigation: Enhanced IBRS
Apr  8 17:12:28 jperrier kernel: [    0.212411] Speculative Store Bypass: Vulnerable
Apr  8 17:12:28 jperrier kernel: [    0.212411] Register File Data Sampling: Vulnerable: No microcode
Apr  8 17:12:28 jperrier kernel: [    0.212411] x86/fpu: x87 FPU will use FXSAVE
Apr  8 17:12:28 jperrier kernel: [    0.212411] Freeing SMP alternatives memory: 48K
Apr  8 17:12:28 jperrier kernel: [    0.212411] pid_max: default: 32768 minimum: 301
Apr  8 17:12:28 jperrier kernel: [    0.212411] LSM: initializing lsm=capability,selinux
Apr  8 17:12:28 jperrier kernel: [    0.212411] SELinux:  Initializing.
Apr  8 17:12:28 jperrier kernel: [    0.212411] Mount-cache hash table entries: 8192 (order: 4, 65536 bytes, linear)
Apr  8 17:12:28 jperrier kernel: [    0.212411] Mountpoint-cache hash table entries: 8192 (order: 4, 65536 bytes, linear)
Apr  8 17:12:28 jperrier kernel: [    0.332788] APIC calibration not consistent with PM-Timer: 139ms instead of 100ms
Apr  8 17:12:28 jperrier kernel: [    0.333411] APIC delta adjusted to PM-Timer: 6291347 (8764710)
Apr  8 17:12:28 jperrier kernel: [    0.333561] smpboot: CPU0: 13th Gen Intel(R) Core(TM) i5-13600KF (family: 0x6, model: 0xb7, stepping: 0x1)
Apr  8 17:12:28 jperrier kernel: [    0.334503] Performance Events: unsupported p6 CPU model 183 no PMU driver, software events only.
Apr  8 17:12:28 jperrier kernel: [    0.335426] signal: max sigframe size: 1440
Apr  8 17:12:28 jperrier kernel: [    0.336440] rcu: Hierarchical SRCU implementation.
Apr  8 17:12:28 jperrier kernel: [    0.337412] rcu: ^IMax phase no-delay instances is 400.
Apr  8 17:12:28 jperrier kernel: [    0.338520] smp: Bringing up secondary CPUs ...
Apr  8 17:12:28 jperrier kernel: [    0.339477] smpboot: x86: Booting SMP configuration:
Apr  8 17:12:28 jperrier kernel: [    0.340414] .... node  #0, CPUs:      #1 #2 #3 #4 #5
Apr  8 17:12:28 jperrier kernel: [    0.343411] TSC synchronization [CPU#0 -> CPU#1]:
Apr  8 17:12:28 jperrier kernel: [    0.343411] Measured 88597 cycles TSC warp between CPUs, turning off TSC clock.
Apr  8 17:12:28 jperrier kernel: [    0.343411] tsc: Marking TSC unstable due to check_tsc_sync_source failed
Apr  8 17:12:28 jperrier kernel: [    0.350662] smp: Brought up 1 node, 6 CPUs
Apr  8 17:12:28 jperrier kernel: [    0.351409] smpboot: Total of 6 processors activated (41932.77 BogoMIPS)
Apr  8 17:12:28 jperrier kernel: [    0.353641] devtmpfs: initialized
Apr  8 17:12:28 jperrier kernel: [    0.354611] clocksource: jiffies: mask: 0xffffffff max_cycles: 0xffffffff, max_idle_ns: 1911260446275000 ns
Apr  8 17:12:28 jperrier kernel: [    0.355414] futex hash table entries: 2048 (order: 5, 131072 bytes, linear)
Apr  8 17:12:28 jperrier kernel: [    0.357413] PM: RTC time: 15:12:16, date: 2024-04-08
Apr  8 17:12:28 jperrier kernel: [    0.358642] NET: Registered PF_NETLINK/PF_ROUTE protocol family
Apr  8 17:12:28 jperrier kernel: [    0.359451] audit: initializing netlink subsys (disabled)
Apr  8 17:12:28 jperrier kernel: [    0.360479] audit: type=2000 audit(1712593360.149:1): state=initialized audit_enabled=0 res=1
Apr  8 17:12:28 jperrier kernel: [    0.361424] thermal_sys: Registered thermal governor 'step_wise'
Apr  8 17:12:28 jperrier kernel: [    0.362412] thermal_sys: Registered thermal governor 'user_space'
Apr  8 17:12:28 jperrier kernel: [    0.363419] cpuidle: using governor menu
Apr  8 17:12:28 jperrier kernel: [    0.365582] PCI: Using configuration type 1 for base access
Apr  8 17:12:28 jperrier kernel: [    0.366411] kprobes: kprobe jump-optimization is enabled. All kprobes are optimized if possible.
Apr  8 17:12:28 jperrier kernel: [    0.370089] HugeTLB: registered 2.00 MiB page size, pre-allocated 0 pages
Apr  8 17:12:28 jperrier kernel: [    0.370412] HugeTLB: 28 KiB vmemmap can be freed for a 2.00 MiB page
Apr  8 17:12:28 jperrier kernel: [    0.374878] Demotion targets for Node 0: null
Apr  8 17:12:28 jperrier kernel: [    0.376519] ACPI: Added _OSI(Module Device)
Apr  8 17:12:28 jperrier kernel: [    0.377284] ACPI: Added _OSI(Processor Device)
Apr  8 17:12:28 jperrier kernel: [    0.377412] ACPI: Added _OSI(3.0 _SCP Extensions)
Apr  8 17:12:28 jperrier kernel: [    0.378412] ACPI: Added _OSI(Processor Aggregator Device)
Apr  8 17:12:28 jperrier kernel: [    0.380792] ACPI: 2 ACPI AML tables successfully acquired and loaded
Apr  8 17:12:28 jperrier kernel: [    0.382168] ACPI: _OSC evaluation for CPUs failed, trying _PDC
Apr  8 17:12:28 jperrier kernel: [    0.382411] ACPI: Interpreter enabled
Apr  8 17:12:28 jperrier kernel: [    0.382411] ACPI: PM: (supports S0 S5)
Apr  8 17:12:28 jperrier kernel: [    0.382411] ACPI: Using IOAPIC for interrupt routing
Apr  8 17:12:28 jperrier kernel: [    0.382411] PCI: Using host bridge windows from ACPI; if necessary, use "pci=nocrs" and report a bug
Apr  8 17:12:28 jperrier kernel: [    0.382411] PCI: Using E820 reservations for host bridge windows
Apr  8 17:12:28 jperrier kernel: [    0.382411] ACPI: Enabled 2 GPEs in block 00 to 07
Apr  8 17:12:28 jperrier kernel: [    0.382411] ACPI: PCI Root Bridge [PCI0] (domain 0000 [bus 00-ff])
Apr  8 17:12:28 jperrier kernel: [    0.382411] acpi PNP0A03:00: _OSC: OS supports [ASPM ClockPM Segments MSI HPX-Type3]
Apr  8 17:12:28 jperrier kernel: [    0.382411] acpi PNP0A03:00: _OSC: not requesting OS control; OS requires [ExtendedConfig ASPM ClockPM MSI]
Apr  8 17:12:28 jperrier kernel: [    0.382411] acpi PNP0A03:00: fail to add MMCONFIG information, can't access extended configuration space under this bridge
Apr  8 17:12:28 jperrier kernel: [    0.382411] PCI host bridge to bus 0000:00
Apr  8 17:12:28 jperrier kernel: [    0.382411] pci_bus 0000:00: root bus resource [io  0x0000-0x0cf7 window]
Apr  8 17:12:28 jperrier kernel: [    0.382411] pci_bus 0000:00: root bus resource [io  0x0d00-0xffff window]
Apr  8 17:12:28 jperrier kernel: [    0.382411] pci_bus 0000:00: root bus resource [mem 0x000a0000-0x000bffff window]
Apr  8 17:12:28 jperrier kernel: [    0.382411] pci_bus 0000:00: root bus resource [mem 0xe0000000-0xfdffffff window]
Apr  8 17:12:28 jperrier kernel: [    0.382411] pci_bus 0000:00: root bus resource [bus 00-ff]
Apr  8 17:12:28 jperrier kernel: [    0.382411] pci 0000:00:00.0: [8086:1237] type 00 class 0x060000 conventional PCI endpoint
Apr  8 17:12:28 jperrier kernel: [    0.382411] pci 0000:00:01.0: [8086:7000] type 00 class 0x060100 conventional PCI endpoint
Apr  8 17:12:28 jperrier kernel: [    0.382411] pci 0000:00:01.1: [8086:7111] type 00 class 0x01018a conventional PCI endpoint
Apr  8 17:12:28 jperrier kernel: [    0.382411] pci 0000:00:01.1: BAR 4 [io  0xd000-0xd00f]
Apr  8 17:12:28 jperrier kernel: [    0.382411] pci 0000:00:01.1: BAR 0 [io  0x01f0-0x01f7]: legacy IDE quirk
Apr  8 17:12:28 jperrier kernel: [    0.382411] pci 0000:00:01.1: BAR 1 [io  0x03f6]: legacy IDE quirk
Apr  8 17:12:28 jperrier kernel: [    0.382411] pci 0000:00:01.1: BAR 2 [io  0x0170-0x0177]: legacy IDE quirk
Apr  8 17:12:28 jperrier kernel: [    0.382411] pci 0000:00:01.1: BAR 3 [io  0x0376]: legacy IDE quirk
Apr  8 17:12:28 jperrier kernel: [    0.382411] pci 0000:00:02.0: [15ad:0405] type 00 class 0x030000 conventional PCI endpoint
Apr  8 17:12:28 jperrier kernel: [    0.382411] pci 0000:00:02.0: BAR 0 [io  0xd010-0xd01f]
Apr  8 17:12:28 jperrier kernel: [    0.382411] pci 0000:00:02.0: BAR 1 [mem 0xe0000000-0xe0ffffff pref]
Apr  8 17:12:28 jperrier kernel: [    0.382411] pci 0000:00:02.0: BAR 2 [mem 0xf0000000-0xf01fffff]
Apr  8 17:12:28 jperrier kernel: [    0.382411] pci 0000:00:02.0: Video device with shadowed ROM at [mem 0x000c0000-0x000dffff]
Apr  8 17:12:28 jperrier kernel: [    0.382411] pci 0000:00:03.0: [8086:100e] type 00 class 0x020000 conventional PCI endpoint
Apr  8 17:12:28 jperrier kernel: [    0.382411] pci 0000:00:03.0: BAR 0 [mem 0xf0200000-0xf021ffff]
Apr  8 17:12:28 jperrier kernel: [    0.382411] pci 0000:00:03.0: BAR 2 [io  0xd020-0xd027]
Apr  8 17:12:28 jperrier kernel: [    0.384191] pci 0000:00:04.0: [80ee:cafe] type 00 class 0x088000 conventional PCI endpoint
Apr  8 17:12:28 jperrier kernel: [    0.384754] pci 0000:00:04.0: BAR 0 [io  0xd040-0xd05f]
Apr  8 17:12:28 jperrier kernel: [    0.385633] pci 0000:00:04.0: BAR 1 [mem 0xf0400000-0xf07fffff]
Apr  8 17:12:28 jperrier kernel: [    0.387514] pci 0000:00:04.0: BAR 2 [mem 0xf0800000-0xf0803fff pref]
Apr  8 17:12:28 jperrier kernel: [    0.390275] pci 0000:00:05.0: [8086:2415] type 00 class 0x040100 conventional PCI endpoint
Apr  8 17:12:28 jperrier kernel: [    0.390582] pci 0000:00:05.0: BAR 0 [io  0xd100-0xd1ff]
Apr  8 17:12:28 jperrier kernel: [    0.391507] pci 0000:00:05.0: BAR 1 [io  0xd200-0xd23f]
Apr  8 17:12:28 jperrier kernel: [    0.393768] pci 0000:00:06.0: [106b:003f] type 00 class 0x0c0310 conventional PCI endpoint
Apr  8 17:12:28 jperrier kernel: [    0.395495] pci 0000:00:06.0: BAR 0 [mem 0xf0804000-0xf0804fff]
Apr  8 17:12:28 jperrier kernel: [    0.397473] pci 0000:00:07.0: [8086:7113] type 00 class 0x068000 conventional PCI endpoint
Apr  8 17:12:28 jperrier kernel: [    0.399559] pci 0000:00:07.0: quirk: [io  0x4000-0x403f] claimed by PIIX4 ACPI
Apr  8 17:12:28 jperrier kernel: [    0.400425] pci 0000:00:07.0: quirk: [io  0x4100-0x410f] claimed by PIIX4 SMB
Apr  8 17:12:28 jperrier kernel: [    0.402583] pci 0000:00:0b.0: [8086:265c] type 00 class 0x0c0320 conventional PCI endpoint
Apr  8 17:12:28 jperrier kernel: [    0.403606] pci 0000:00:0b.0: BAR 0 [mem 0xf0805000-0xf0805fff]
Apr  8 17:12:28 jperrier kernel: [    0.405411] pci 0000:00:0d.0: [8086:2829] type 00 class 0x010601 conventional PCI endpoint
Apr  8 17:12:28 jperrier kernel: [    0.405601] pci 0000:00:0d.0: BAR 0 [io  0xd240-0xd247]
Apr  8 17:12:28 jperrier kernel: [    0.406604] pci 0000:00:0d.0: BAR 1 [io  0xd248-0xd24b]
Apr  8 17:12:28 jperrier kernel: [    0.407522] pci 0000:00:0d.0: BAR 2 [io  0xd250-0xd257]
Apr  8 17:12:28 jperrier kernel: [    0.408516] pci 0000:00:0d.0: BAR 3 [io  0xd258-0xd25b]
Apr  8 17:12:28 jperrier kernel: [    0.409516] pci 0000:00:0d.0: BAR 4 [io  0xd260-0xd26f]
Apr  8 17:12:28 jperrier kernel: [    0.410521] pci 0000:00:0d.0: BAR 5 [mem 0xf0806000-0xf0807fff]
Apr  8 17:12:28 jperrier kernel: [    0.413152] ACPI: PCI: Interrupt link LNKA configured for IRQ 11
Apr  8 17:12:28 jperrier kernel: [    0.414544] ACPI: PCI: Interrupt link LNKB configured for IRQ 10
Apr  8 17:12:28 jperrier kernel: [    0.415411] ACPI: PCI: Interrupt link LNKC configured for IRQ 9
Apr  8 17:12:28 jperrier kernel: [    0.415486] ACPI: PCI: Interrupt link LNKD configured for IRQ 11
Apr  8 17:12:28 jperrier kernel: [    0.416507] iommu: Default domain type: Translated
Apr  8 17:12:28 jperrier kernel: [    0.417413] iommu: DMA domain TLB invalidation policy: lazy mode
Apr  8 17:12:28 jperrier kernel: [    0.418454] SCSI subsystem initialized
Apr  8 17:12:28 jperrier kernel: [    0.419486] libata version 3.00 loaded.
Apr  8 17:12:28 jperrier kernel: [    0.419494] ACPI: bus type USB registered
Apr  8 17:12:28 jperrier kernel: [    0.420239] usbcore: registered new interface driver usbfs
Apr  8 17:12:28 jperrier kernel: [    0.420420] usbcore: registered new interface driver hub
Apr  8 17:12:28 jperrier kernel: [    0.421416] usbcore: registered new device driver usb
Apr  8 17:12:28 jperrier kernel: [    0.422304] pps_core: LinuxPPS API ver. 1 registered
Apr  8 17:12:28 jperrier kernel: [    0.422412] pps_core: Software ver. 5.3.6 - Copyright 2005-2007 Rodolfo Giometti <giometti@linux.it>
Apr  8 17:12:28 jperrier kernel: [    0.423413] PTP clock support registered
Apr  8 17:12:28 jperrier kernel: [    0.424524] Advanced Linux Sound Architecture Driver Initialized.
Apr  8 17:12:28 jperrier kernel: [    0.426782] NetLabel: Initializing
Apr  8 17:12:28 jperrier kernel: [    0.427411] NetLabel:  domain hash size = 128
Apr  8 17:12:28 jperrier kernel: [    0.427413] NetLabel:  protocols = UNLABELED CIPSOv4 CALIPSO
Apr  8 17:12:28 jperrier kernel: [    0.428430] NetLabel:  unlabeled traffic allowed by default
Apr  8 17:12:28 jperrier kernel: [    0.429411] PCI: Using ACPI for IRQ routing
Apr  8 17:12:28 jperrier kernel: [    0.429413] PCI: pci_cache_line_size set to 64 bytes
Apr  8 17:12:28 jperrier kernel: [    0.429716] e820: reserve RAM buffer [mem 0x0009fc00-0x0009ffff]
Apr  8 17:12:28 jperrier kernel: [    0.429719] e820: reserve RAM buffer [mem 0xdfff0000-0xdfffffff]
Apr  8 17:12:28 jperrier kernel: [    0.429775] pci 0000:00:02.0: vgaarb: setting as boot VGA device
Apr  8 17:12:28 jperrier kernel: [    0.430411] pci 0000:00:02.0: vgaarb: bridge control possible
Apr  8 17:12:28 jperrier kernel: [    0.430411] pci 0000:00:02.0: vgaarb: VGA device added: decodes=io+mem,owns=io+mem,locks=none
Apr  8 17:12:28 jperrier kernel: [    0.430416] vgaarb: loaded
Apr  8 17:12:28 jperrier kernel: [    0.432442] clocksource: Switched to clocksource kvm-clock
Apr  8 17:12:28 jperrier kernel: [    0.433857] VFS: Disk quotas dquot_6.6.0
Apr  8 17:12:28 jperrier kernel: [    0.434667] VFS: Dquot-cache hash table entries: 512 (order 0, 4096 bytes)
Apr  8 17:12:28 jperrier kernel: [    0.436620] pnp: PnP ACPI init
Apr  8 17:12:28 jperrier kernel: [    0.437848] pnp: PnP ACPI: found 2 devices
Apr  8 17:12:28 jperrier kernel: [    0.472369] clocksource: acpi_pm: mask: 0xffffff max_cycles: 0xffffff, max_idle_ns: 2085701024 ns
Apr  8 17:12:28 jperrier kernel: [    0.473344] NET: Registered PF_INET protocol family
Apr  8 17:12:28 jperrier kernel: [    0.473344] IP idents hash table entries: 65536 (order: 7, 524288 bytes, linear)
Apr  8 17:12:28 jperrier kernel: [    0.473344] tcp_listen_portaddr_hash hash table entries: 2048 (order: 3, 32768 bytes, linear)
Apr  8 17:12:28 jperrier kernel: [    0.473344] Table-perturb hash table entries: 65536 (order: 6, 262144 bytes, linear)
Apr  8 17:12:28 jperrier kernel: [    0.473344] TCP established hash table entries: 32768 (order: 6, 262144 bytes, linear)
Apr  8 17:12:28 jperrier kernel: [    0.473344] TCP bind hash table entries: 32768 (order: 8, 1048576 bytes, linear)
Apr  8 17:12:28 jperrier kernel: [    0.473344] TCP: Hash tables configured (established 32768 bind 32768)
Apr  8 17:12:28 jperrier kernel: [    0.473344] UDP hash table entries: 2048 (order: 4, 65536 bytes, linear)
Apr  8 17:12:28 jperrier kernel: [    0.473344] UDP-Lite hash table entries: 2048 (order: 4, 65536 bytes, linear)
Apr  8 17:12:28 jperrier kernel: [    0.473344] NET: Registered PF_UNIX/PF_LOCAL protocol family
Apr  8 17:12:28 jperrier kernel: [    0.489923] RPC: Registered named UNIX socket transport module.
Apr  8 17:12:28 jperrier kernel: [    0.491138] RPC: Registered udp transport module.
Apr  8 17:12:28 jperrier kernel: [    0.491983] RPC: Registered tcp transport module.
Apr  8 17:12:28 jperrier kernel: [    0.492122] RPC: Registered tcp-with-tls transport module.
Apr  8 17:12:28 jperrier kernel: [    0.492122] RPC: Registered tcp NFSv4.1 backchannel transport module.
Apr  8 17:12:28 jperrier kernel: [    0.495926] pci_bus 0000:00: resource 4 [io  0x0000-0x0cf7 window]
Apr  8 17:12:28 jperrier kernel: [    0.497037] pci_bus 0000:00: resource 5 [io  0x0d00-0xffff window]
Apr  8 17:12:28 jperrier kernel: [    0.498022] pci_bus 0000:00: resource 6 [mem 0x000a0000-0x000bffff window]
Apr  8 17:12:28 jperrier kernel: [    0.498022] pci_bus 0000:00: resource 7 [mem 0xe0000000-0xfdffffff window]
Apr  8 17:12:28 jperrier kernel: [    0.498022] pci 0000:00:00.0: Limiting direct PCI/PCI transfers
Apr  8 17:12:28 jperrier kernel: [    0.498022] PCI: CLS 0 bytes, default 64
Apr  8 17:12:28 jperrier kernel: [    0.498022] PCI-DMA: Using software bounce buffering for IO (SWIOTLB)
Apr  8 17:12:28 jperrier kernel: [    0.498022] software IO TLB: mapped [mem 0x00000000dbff0000-0x00000000dfff0000] (64MB)
Apr  8 17:12:28 jperrier kernel: [    0.508852] RAPL PMU: API unit is 2^-32 Joules, 0 fixed counters, 335544320 ms ovfl timer
Apr  8 17:12:28 jperrier kernel: [    0.510591] platform rtc_cmos: registered platform RTC device (no PNP device found)
Apr  8 17:12:28 jperrier kernel: [    0.517265] Initialise system trusted keyrings
Apr  8 17:12:28 jperrier kernel: [    0.518547] workingset: timestamp_bits=40 max_order=20 bucket_order=0
Apr  8 17:12:28 jperrier kernel: [    0.520244] NFS: Registering the id_resolver key type
Apr  8 17:12:28 jperrier kernel: [    0.521109] Key type id_resolver registered
Apr  8 17:12:28 jperrier kernel: [    0.521957] Key type id_legacy registered
Apr  8 17:12:28 jperrier kernel: [    0.522865] 9p: Installing v9fs 9p2000 file system support
Apr  8 17:12:28 jperrier kernel: [    0.529790] Key type asymmetric registered
Apr  8 17:12:28 jperrier kernel: [    0.529790] Asymmetric key parser 'x509' registered
Apr  8 17:12:28 jperrier kernel: [    0.529790] Block layer SCSI generic (bsg) driver version 0.4 loaded (major 251)
Apr  8 17:12:28 jperrier kernel: [    0.529790] io scheduler mq-deadline registered
Apr  8 17:12:28 jperrier kernel: [    0.529790] io scheduler kyber registered
Apr  8 17:12:28 jperrier kernel: [    0.537343] ACPI: AC: AC Adapter [AC] (on-line)
Apr  8 17:12:28 jperrier kernel: [    0.538252] input: Power Button as /devices/LNXSYSTM:00/LNXPWRBN:00/input/input0
Apr  8 17:12:28 jperrier kernel: [    0.539215] ACPI: button: Power Button [PWRF]
Apr  8 17:12:28 jperrier kernel: [    0.539215] input: Sleep Button as /devices/LNXSYSTM:00/LNXSLPBN:00/input/input1
Apr  8 17:12:28 jperrier kernel: [    0.539215] ACPI: button: Sleep Button [SLPF]
Apr  8 17:12:28 jperrier kernel: [    0.539215] ACPI: video: Video Device [GFX0] (multi-head: yes  rom: no  post: no)
Apr  8 17:12:28 jperrier kernel: [    0.539215] input: Video Bus as /devices/LNXSYSTM:00/LNXSYBUS:00/PNP0A03:00/LNXVIDEO:00/input/input2
Apr  8 17:12:28 jperrier kernel: [    0.560346] Serial: 8250/16550 driver, 4 ports, IRQ sharing enabled
Apr  8 17:12:28 jperrier kernel: [    0.564035] Non-volatile memory driver v1.3
Apr  8 17:12:28 jperrier kernel: [    0.564782] Linux agpgart interface v0.103
Apr  8 17:12:28 jperrier kernel: [    0.564945] ACPI: bus type drm_connector registered
Apr  8 17:12:28 jperrier kernel: [    0.570735] loop: module loaded
Apr  8 17:12:28 jperrier kernel: [    0.571379] ahci 0000:00:0d.0: version 3.0
Apr  8 17:12:28 jperrier kernel: [    0.571688] ahci 0000:00:0d.0: SSS flag set, parallel bus scan disabled
Apr  8 17:12:28 jperrier kernel: [    0.571688] ahci 0000:00:0d.0: AHCI vers 0001.0100, 32 command slots, 3 Gbps, SATA mode
Apr  8 17:12:28 jperrier kernel: [    0.571688] ahci 0000:00:0d.0: 1/1 ports implemented (port mask 0x1)
Apr  8 17:12:28 jperrier kernel: [    0.571688] ahci 0000:00:0d.0: flags: 64bit ncq stag only ccc 
Apr  8 17:12:28 jperrier kernel: [    0.579436] scsi host0: ahci
Apr  8 17:12:28 jperrier kernel: [    0.580136] ata1: SATA max UDMA/133 abar m8192@0xf0806000 port 0xf0806100 irq 21 lpm-pol 0
Apr  8 17:12:28 jperrier kernel: [    0.581921] ata_piix 0000:00:01.1: version 2.13
Apr  8 17:12:28 jperrier kernel: [    0.583254] scsi host1: ata_piix
Apr  8 17:12:28 jperrier kernel: [    0.584680] scsi host2: ata_piix
Apr  8 17:12:28 jperrier kernel: [    0.585418] ata2: PATA max UDMA/33 cmd 0x1f0 ctl 0x3f6 bmdma 0xd000 irq 14 lpm-pol 0
Apr  8 17:12:28 jperrier kernel: [    0.586348] ata3: PATA max UDMA/33 cmd 0x170 ctl 0x376 bmdma 0xd008 irq 15 lpm-pol 0
Apr  8 17:12:28 jperrier kernel: [    0.586348] e100: Intel(R) PRO/100 Network Driver
Apr  8 17:12:28 jperrier kernel: [    0.586348] e100: Copyright(c) 1999-2006 Intel Corporation
Apr  8 17:12:28 jperrier kernel: [    0.586348] e1000: Intel(R) PRO/1000 Network Driver
Apr  8 17:12:28 jperrier kernel: [    0.586348] e1000: Copyright (c) 1999-2006 Intel Corporation.
Apr  8 17:12:28 jperrier kernel: [    0.773140] ata3.00: ATAPI: VBOX CD-ROM, 1.0, max UDMA/133
Apr  8 17:12:28 jperrier kernel: [    0.900544] ata1: SATA link up 3.0 Gbps (SStatus 123 SControl 300)
Apr  8 17:12:28 jperrier kernel: [    0.902237] ata1.00: ATA-6: VBOX HARDDISK, 1.0, max UDMA/133
Apr  8 17:12:28 jperrier kernel: [    0.903574] ata1.00: 104857600 sectors, multi 128: LBA48 NCQ (depth 32)
Apr  8 17:12:28 jperrier kernel: [    0.905846] ata1.00: configured for UDMA/133
Apr  8 17:12:28 jperrier kernel: [    0.907573] scsi 0:0:0:0: Direct-Access     ATA      VBOX HARDDISK    1.0  PQ: 0 ANSI: 5
Apr  8 17:12:28 jperrier kernel: [    0.910277] scsi 0:0:0:0: Attached scsi generic sg0 type 0
Apr  8 17:12:28 jperrier kernel: [    0.910968] sd 0:0:0:0: [sda] 104857600 512-byte logical blocks: (53.7 GB/50.0 GiB)
Apr  8 17:12:28 jperrier kernel: [    0.913278] sd 0:0:0:0: [sda] Write Protect is off
Apr  8 17:12:28 jperrier kernel: [    0.916275] sd 0:0:0:0: [sda] Mode Sense: 00 3a 00 00
Apr  8 17:12:28 jperrier kernel: [    0.916334] sd 0:0:0:0: [sda] Write cache: enabled, read cache: enabled, doesn't support DPO or FUA
Apr  8 17:12:28 jperrier kernel: [    0.918379] sd 0:0:0:0: [sda] Preferred minimum I/O size 512 bytes
Apr  8 17:12:28 jperrier kernel: [    0.918738] scsi 2:0:0:0: CD-ROM            VBOX     CD-ROM           1.0  PQ: 0 ANSI: 5
Apr  8 17:12:28 jperrier kernel: [    0.925707]  sda: sda1 sda2 sda3
Apr  8 17:12:28 jperrier kernel: [    0.926915] sd 0:0:0:0: [sda] Attached SCSI disk
Apr  8 17:12:28 jperrier kernel: [    0.994842] sr 2:0:0:0: [sr0] scsi3-mmc drive: 32x/32x xa/form2 tray
Apr  8 17:12:28 jperrier kernel: [    0.996301] cdrom: Uniform CD-ROM driver Revision: 3.20
Apr  8 17:12:28 jperrier kernel: [    1.013034] sr 2:0:0:0: Attached scsi CD-ROM sr0
Apr  8 17:12:28 jperrier kernel: [    1.013743] sr 2:0:0:0: Attached scsi generic sg1 type 5
Apr  8 17:12:28 jperrier kernel: [    1.016153] e1000 0000:00:03.0 eth0: (PCI:33MHz:32-bit) 08:00:27:ea:28:01
Apr  8 17:12:28 jperrier kernel: [    1.016153] e1000 0000:00:03.0 eth0: Intel(R) PRO/1000 Network Connection
Apr  8 17:12:28 jperrier kernel: [    1.016153] e1000e: Intel(R) PRO/1000 Network Driver
Apr  8 17:12:28 jperrier kernel: [    1.016153] e1000e: Copyright(c) 1999 - 2015 Intel Corporation.
Apr  8 17:12:28 jperrier kernel: [    1.016153] sky2: driver version 1.30
Apr  8 17:12:28 jperrier kernel: [    1.025456] ohci-pci 0000:00:06.0: OHCI PCI host controller
Apr  8 17:12:28 jperrier kernel: [    1.027522] ohci-pci 0000:00:06.0: new USB bus registered, assigned bus number 1
Apr  8 17:12:28 jperrier kernel: [    1.030520] ohci-pci 0000:00:06.0: irq 22, io mem 0xf0804000
Apr  8 17:12:28 jperrier kernel: [    1.088769] usb usb1: New USB device found, idVendor=1d6b, idProduct=0001, bcdDevice= 6.09
Apr  8 17:12:28 jperrier kernel: [    1.089338] usb usb1: New USB device strings: Mfr=3, Product=2, SerialNumber=1
Apr  8 17:12:28 jperrier kernel: [    1.089338] usb usb1: Product: OHCI PCI host controller
Apr  8 17:12:28 jperrier kernel: [    1.089338] usb usb1: Manufacturer: Linux 6.9.0-rc3-thor_kernel-gfec50db7033e-dirty ohci_hcd
Apr  8 17:12:28 jperrier kernel: [    1.089338] usb usb1: SerialNumber: 0000:00:06.0
Apr  8 17:12:28 jperrier kernel: [    1.089338] hub 1-0:1.0: USB hub found
Apr  8 17:12:28 jperrier kernel: [    1.089338] hub 1-0:1.0: 12 ports detected
Apr  8 17:12:28 jperrier kernel: [    1.089338] usbcore: registered new interface driver usblp
Apr  8 17:12:28 jperrier kernel: [    1.098252] ehci-pci 0000:00:0b.0: EHCI Host Controller
Apr  8 17:12:28 jperrier kernel: [    1.100157] usbcore: registered new interface driver usb-storage
Apr  8 17:12:28 jperrier kernel: [    1.102099] i8042: PNP: PS/2 Controller [PNP0303:PS2K,PNP0f03:PS2M] at 0x60,0x64 irq 1,12
Apr  8 17:12:28 jperrier kernel: [    1.104078] ehci-pci 0000:00:0b.0: new USB bus registered, assigned bus number 2
Apr  8 17:12:28 jperrier kernel: [    1.106265] ehci-pci 0000:00:0b.0: irq 19, io mem 0xf0805000
Apr  8 17:12:28 jperrier kernel: [    1.106425] serio: i8042 KBD port at 0x60,0x64 irq 1
Apr  8 17:12:28 jperrier kernel: [    1.108430] serio: i8042 AUX port at 0x60,0x64 irq 12
Apr  8 17:12:28 jperrier kernel: [    1.111698] input: AT Translated Set 2 keyboard as /devices/platform/i8042/serio0/input/input3
Apr  8 17:12:28 jperrier kernel: [    1.112385] ehci-pci 0000:00:0b.0: USB 2.0 started, EHCI 1.00
Apr  8 17:12:28 jperrier kernel: [    1.113668] rtc_cmos rtc_cmos: registered as rtc0
Apr  8 17:12:28 jperrier kernel: [    1.114560] usb usb2: New USB device found, idVendor=1d6b, idProduct=0002, bcdDevice= 6.09
Apr  8 17:12:28 jperrier kernel: [    1.115591] rtc_cmos rtc_cmos: alarms up to one day, 114 bytes nvram
Apr  8 17:12:28 jperrier kernel: [    1.115635] fail to initialize ptp_kvm
Apr  8 17:12:28 jperrier kernel: [    1.115759] device-mapper: ioctl: 4.48.0-ioctl (2023-03-01) initialised: dm-devel@lists.linux.dev
Apr  8 17:12:28 jperrier kernel: [    1.117222] usb usb2: New USB device strings: Mfr=3, Product=2, SerialNumber=1
Apr  8 17:12:28 jperrier kernel: [    1.118669] intel_pstate: CPU model not supported
Apr  8 17:12:28 jperrier kernel: [    1.118694] hid: raw HID events driver (C) Jiri Kosina
Apr  8 17:12:28 jperrier kernel: [    1.118745] usbcore: registered new interface driver usbhid
Apr  8 17:12:28 jperrier kernel: [    1.119464] usb usb2: Product: EHCI Host Controller
Apr  8 17:12:28 jperrier kernel: [    1.121397] usbhid: USB HID core driver
Apr  8 17:12:28 jperrier kernel: [    1.122067] Initializing XFRM netlink socket
Apr  8 17:12:28 jperrier kernel: [    1.122767] usb usb2: Manufacturer: Linux 6.9.0-rc3-thor_kernel-gfec50db7033e-dirty ehci_hcd
Apr  8 17:12:28 jperrier kernel: [    1.122767] usb usb2: SerialNumber: 0000:00:0b.0
Apr  8 17:12:28 jperrier kernel: [    1.123235] hub 2-0:1.0: USB hub found
Apr  8 17:12:28 jperrier kernel: [    1.124212] NET: Registered PF_INET6 protocol family
Apr  8 17:12:28 jperrier kernel: [    1.125003] hub 2-0:1.0: 12 ports detected
Apr  8 17:12:28 jperrier kernel: [    1.131213] Segment Routing with IPv6
Apr  8 17:12:28 jperrier kernel: [    1.131219] In-situ OAM (IOAM) with IPv6
Apr  8 17:12:28 jperrier kernel: [    1.131238] sit: IPv6, IPv4 and MPLS over IPv4 tunneling driver
Apr  8 17:12:28 jperrier kernel: [    1.131308] NET: Registered PF_PACKET protocol family
Apr  8 17:12:28 jperrier kernel: [    1.139143] 9pnet: Installing 9P2000 support
Apr  8 17:12:28 jperrier kernel: [    1.139143] Key type dns_resolver registered
Apr  8 17:12:28 jperrier kernel: [    1.147468] IPI shorthand broadcast: enabled
Apr  8 17:12:28 jperrier kernel: [    1.149425] sched_clock: Marking stable (980332620, 168092403)->(1267743216, -119318193)
Apr  8 17:12:28 jperrier kernel: [    1.151869] Timer migration: 1 hierarchy levels; 8 children per group; 1 crossnode level
Apr  8 17:12:28 jperrier kernel: [    1.155008] registered taskstats version 1
Apr  8 17:12:28 jperrier kernel: [    1.155958] Loading compiled-in X.509 certificates
Apr  8 17:12:28 jperrier kernel: [    1.158302] PM:   Magic number: 4:347:234
Apr  8 17:12:28 jperrier kernel: [    1.159318] printk: legacy console [netcon0] enabled
Apr  8 17:12:28 jperrier kernel: [    1.160321] netconsole: network logging started
Apr  8 17:12:28 jperrier kernel: [    1.161435] cfg80211: Loading compiled-in X.509 certificates for regulatory database
Apr  8 17:12:28 jperrier kernel: [    1.163310] kworker/u27:0 (93) used greatest stack depth: 14560 bytes left
Apr  8 17:12:28 jperrier kernel: [    1.164839] kworker/u27:0 (94) used greatest stack depth: 14168 bytes left
Apr  8 17:12:28 jperrier kernel: [    1.165461] Loaded X.509 cert 'sforshee: 00b28ddf47aef9cea7'
Apr  8 17:12:28 jperrier kernel: [    1.167801] Loaded X.509 cert 'wens: 61c038651aabdcf94bd0ac7ff06c7248db18c600'
Apr  8 17:12:28 jperrier kernel: [    1.169379] platform regulatory.0: Direct firmware load for regulatory.db failed with error -2
Apr  8 17:12:28 jperrier kernel: [    1.171048] cfg80211: failed to load regulatory.db
Apr  8 17:12:28 jperrier kernel: [    1.171274] ALSA device list:
Apr  8 17:12:28 jperrier kernel: [    1.173102]   No soundcards found.
Apr  8 17:12:28 jperrier kernel: [    1.353435] input: ImExPS/2 Generic Explorer Mouse as /devices/platform/i8042/serio1/input/input5
Apr  8 17:12:28 jperrier kernel: [    1.355673] md: Waiting for all devices to be available before autodetect
Apr  8 17:12:28 jperrier kernel: [    1.357432] md: If you don't use raid, use raid=noautodetect
Apr  8 17:12:28 jperrier kernel: [    1.358617] md: Autodetecting RAID arrays.
Apr  8 17:12:28 jperrier kernel: [    1.359490] md: autorun ...
Apr  8 17:12:28 jperrier kernel: [    1.360166] md: ... autorun DONE.
Apr  8 17:12:28 jperrier kernel: [    1.365497] EXT4-fs (sda2): mounted filesystem 1b994428-edb3-48c6-8959-f777e1fae734 ro with ordered data mode. Quota mode: none.
Apr  8 17:12:28 jperrier kernel: [    1.367541] VFS: Mounted root (ext4 filesystem) readonly on device 8:2.
Apr  8 17:12:28 jperrier kernel: [    1.369486] devtmpfs: mounted
Apr  8 17:12:28 jperrier kernel: [    1.371754] Freeing unused kernel image (initmem) memory: 2712K
Apr  8 17:12:28 jperrier kernel: [    1.373183] Write protecting the kernel read-only data: 26624k
Apr  8 17:12:28 jperrier kernel: [    1.376731] Freeing unused kernel image (rodata/data gap) memory: 1452K
Apr  8 17:12:28 jperrier kernel: [    1.378581] usb 1-1: new full-speed USB device number 2 using ohci-pci
Apr  8 17:12:28 jperrier kernel: [    1.382940] x86/mm: Checked W+X mappings: passed, no W+X pages found.
Apr  8 17:12:28 jperrier kernel: [    1.384262] Run /sbin/init as init process
Apr  8 17:12:28 jperrier kernel: [    1.385142]   with arguments:
Apr  8 17:12:28 jperrier kernel: [    1.385142]     /sbin/init
Apr  8 17:12:28 jperrier kernel: [    1.385143]   with environment:
Apr  8 17:12:28 jperrier kernel: [    1.385143]     HOME=/
Apr  8 17:12:28 jperrier kernel: [    1.385143]     TERM=linux
Apr  8 17:12:28 jperrier kernel: [    1.385144]     BOOT_IMAGE=/boot/vmlinuz-torvalds
Apr  8 17:12:28 jperrier kernel: [    1.433028] stty (103) used greatest stack depth: 13040 bytes left
Apr  8 17:12:28 jperrier kernel: [    1.466107] mkdir (111) used greatest stack depth: 12928 bytes left
Apr  8 17:12:28 jperrier kernel: [    1.622455] usb 1-1: New USB device found, idVendor=80ee, idProduct=0021, bcdDevice= 1.00
Apr  8 17:12:28 jperrier kernel: [    1.624269] usb 1-1: New USB device strings: Mfr=1, Product=3, SerialNumber=0
Apr  8 17:12:28 jperrier kernel: [    1.625792] usb 1-1: Product: USB Tablet
Apr  8 17:12:28 jperrier kernel: [    1.626743] usb 1-1: Manufacturer: VirtualBox
Apr  8 17:12:28 jperrier kernel: [    1.649545] input: VirtualBox USB Tablet as /devices/pci0000:00/0000:00:06.0/usb1/1-1/1-1:1.0/0003:80EE:0021.0001/input/input6
Apr  8 17:12:28 jperrier kernel: [    1.654995] hid-generic 0003:80EE:0021.0001: input,hidraw0: USB HID v1.10 Mouse [VirtualBox USB Tablet] on usb-0000:00:06.0-1/input0
Apr  8 17:12:28 jperrier kernel: [    1.655331] ip (205) used greatest stack depth: 12800 bytes left
Apr  8 17:12:28 jperrier kernel: <30>[    1.724527] udevd[230]: Starting systemd-udevd version 254
Apr  8 17:12:28 jperrier kernel: <30>[    1.732845] udevd[231]: Using default interface naming scheme 'v253'.
Apr  8 17:12:28 jperrier kernel: [   10.963864] Adding 5240808k swap on /dev/sda3.  Priority:1 extents:1 across:5240808k 
Apr  8 17:12:28 jperrier kernel: [   11.001937] EXT4-fs (sda2): re-mounted 1b994428-edb3-48c6-8959-f777e1fae734 ro. Quota mode: none.
Apr  8 17:12:28 jperrier kernel: [   11.074142] EXT4-fs (sda2): re-mounted 1b994428-edb3-48c6-8959-f777e1fae734 r/w. Quota mode: none.
Apr  8 17:12:28 jperrier kernel: [   12.534519] e1000: eth0 NIC Link is Up 1000 Mbps Full Duplex, Flow Control: RX
